// Jest Snapshot v1, https://goo.gl/fbAQLP

exports[`should render Details 1`] = `
Object {
  "asFragment": [Function],
  "baseElement": <body>
    <div>
      <div
        class="flex flex-col gap-2 justify-start items-between mt-10 [&>*:nth-child(2n+3)]:bg-[#d1447a]"
        data-testid="Details-1"
      >
        <img
          class="h-20 w-max ml-auto mr-auto"
        />
        <div
          class="flex justify-between px-4 py-4"
        >
          <span>
            Name :
          </span>
          <span>
            <i
              class="fa-solid fa-circle-arrow-right pl-2"
            />
          </span>
        </div>
        <div
          class="flex justify-between px-4 py-4"
        >
          <span>
             Rank :
          </span>
          <span>
            <i
              class="fa-solid fa-circle-arrow-right pl-2"
            />
          </span>
        </div>
        <div
          class="flex justify-between px-4 py-4"
        >
          <span>
            Total Supply :
          </span>
          <span>
            <i
              class="fa-solid fa-circle-arrow-right pl-2"
            />
          </span>
        </div>
        <div
          class="flex justify-between px-4 py-4"
        >
          <span>
            Available Supply :
          </span>
          <span>
            <i
              class="fa-solid fa-circle-arrow-right pl-2"
            />
          </span>
        </div>
        <div
          class="flex justify-between px-4 py-4"
        >
          <span>
            Price :
          </span>
          <span>
            <i
              class="fa-solid fa-circle-arrow-right pl-2"
            />
          </span>
        </div>
        <div
          class="flex justify-between px-4 py-4"
        >
          <span>
             Price Change Weekly :
          </span>
          <span>
            <span
              class="text-green-400"
            />
            <i
              class="fa-solid fa-circle-arrow-right pl-2"
            />
          </span>
        </div>
        <div
          class="flex justify-between px-4 py-4"
        >
          <span>
            Price Change Daily :
          </span>
          <span>
            <span
              class="text-green-400"
            />
            <i
              class="fa-solid fa-circle-arrow-right pl-2"
            />
          </span>
        </div>
        <div
          class="flex justify-between px-4 py-4"
        >
          <span>
            Price Change Hourly :
          </span>
          <span>
            <span
              class="text-green-400"
            />
            <i
              class="fa-solid fa-circle-arrow-right pl-2"
            />
          </span>
        </div>
      </div>
    </div>
  </body>,
  "container": <div>
    <div
      class="flex flex-col gap-2 justify-start items-between mt-10 [&>*:nth-child(2n+3)]:bg-[#d1447a]"
      data-testid="Details-1"
    >
      <img
        class="h-20 w-max ml-auto mr-auto"
      />
      <div
        class="flex justify-between px-4 py-4"
      >
        <span>
          Name :
        </span>
        <span>
          <i
            class="fa-solid fa-circle-arrow-right pl-2"
          />
        </span>
      </div>
      <div
        class="flex justify-between px-4 py-4"
      >
        <span>
           Rank :
        </span>
        <span>
          <i
            class="fa-solid fa-circle-arrow-right pl-2"
          />
        </span>
      </div>
      <div
        class="flex justify-between px-4 py-4"
      >
        <span>
          Total Supply :
        </span>
        <span>
          <i
            class="fa-solid fa-circle-arrow-right pl-2"
          />
        </span>
      </div>
      <div
        class="flex justify-between px-4 py-4"
      >
        <span>
          Available Supply :
        </span>
        <span>
          <i
            class="fa-solid fa-circle-arrow-right pl-2"
          />
        </span>
      </div>
      <div
        class="flex justify-between px-4 py-4"
      >
        <span>
          Price :
        </span>
        <span>
          <i
            class="fa-solid fa-circle-arrow-right pl-2"
          />
        </span>
      </div>
      <div
        class="flex justify-between px-4 py-4"
      >
        <span>
           Price Change Weekly :
        </span>
        <span>
          <span
            class="text-green-400"
          />
          <i
            class="fa-solid fa-circle-arrow-right pl-2"
          />
        </span>
      </div>
      <div
        class="flex justify-between px-4 py-4"
      >
        <span>
          Price Change Daily :
        </span>
        <span>
          <span
            class="text-green-400"
          />
          <i
            class="fa-solid fa-circle-arrow-right pl-2"
          />
        </span>
      </div>
      <div
        class="flex justify-between px-4 py-4"
      >
        <span>
          Price Change Hourly :
        </span>
        <span>
          <span
            class="text-green-400"
          />
          <i
            class="fa-solid fa-circle-arrow-right pl-2"
          />
        </span>
      </div>
    </div>
  </div>,
  "debug": [Function],
  "findAllByAltText": [Function],
  "findAllByDisplayValue": [Function],
  "findAllByLabelText": [Function],
  "findAllByPlaceholderText": [Function],
  "findAllByRole": [Function],
  "findAllByTestId": [Function],
  "findAllByText": [Function],
  "findAllByTitle": [Function],
  "findByAltText": [Function],
  "findByDisplayValue": [Function],
  "findByLabelText": [Function],
  "findByPlaceholderText": [Function],
  "findByRole": [Function],
  "findByTestId": [Function],
  "findByText": [Function],
  "findByTitle": [Function],
  "getAllByAltText": [Function],
  "getAllByDisplayValue": [Function],
  "getAllByLabelText": [Function],
  "getAllByPlaceholderText": [Function],
  "getAllByRole": [Function],
  "getAllByTestId": [Function],
  "getAllByText": [Function],
  "getAllByTitle": [Function],
  "getByAltText": [Function],
  "getByDisplayValue": [Function],
  "getByLabelText": [Function],
  "getByPlaceholderText": [Function],
  "getByRole": [Function],
  "getByTestId": [Function],
  "getByText": [Function],
  "getByTitle": [Function],
  "queryAllByAltText": [Function],
  "queryAllByDisplayValue": [Function],
  "queryAllByLabelText": [Function],
  "queryAllByPlaceholderText": [Function],
  "queryAllByRole": [Function],
  "queryAllByTestId": [Function],
  "queryAllByText": [Function],
  "queryAllByTitle": [Function],
  "queryByAltText": [Function],
  "queryByDisplayValue": [Function],
  "queryByLabelText": [Function],
  "queryByPlaceholderText": [Function],
  "queryByRole": [Function],
  "queryByTestId": [Function],
  "queryByText": [Function],
  "queryByTitle": [Function],
  "rerender": [Function],
  "unmount": [Function],
}
`;
