// Jest Snapshot v1, https://goo.gl/fbAQLP

exports[`should render Home 1`] = `
Object {
  "asFragment": [Function],
  "baseElement": <body>
    <div>
      <div
        class=""
        data-testid="home-1"
      >
        <div
          class="w-[100%] flex justify-center items-center"
        >
          <form
            class="text-white flex items-center justify-center w-[90%] md:w-[60%] m-2"
          >
            <input
              class="bg-[#0d0b13] px-4 py-2 outline-none w-[80%] border border-white/50 rounded-l-full focus:border-violet-600/50 focus:shadow-sm shadow-violet-400"
              placeholder="Search Coin name"
              required=""
              type="text"
            />
            <input
              class="py-2 px-4 bg-[#1a1729] border border-white/50 hover:bg-violet-400/75 sm:w-[20%] cursor-pointer rounded-r-full"
              type="button"
              value="Search"
            />
          </form>
        </div>
        <div>
          <ul
            class="grid grid-cols-1 md:grid-cols-2 lg:grid-cols-3 xl:grid-cols-4"
          />
           
          <div
            class="text-center text-2xl flex items-center justify-center h-[40vh] "
          >
            <span>
              <span
                class="changer"
              >
                Oh Snap !
              </span>
               
              We have a problem...
            </span>
          </div>
        </div>
      </div>
    </div>
  </body>,
  "container": <div>
    <div
      class=""
      data-testid="home-1"
    >
      <div
        class="w-[100%] flex justify-center items-center"
      >
        <form
          class="text-white flex items-center justify-center w-[90%] md:w-[60%] m-2"
        >
          <input
            class="bg-[#0d0b13] px-4 py-2 outline-none w-[80%] border border-white/50 rounded-l-full focus:border-violet-600/50 focus:shadow-sm shadow-violet-400"
            placeholder="Search Coin name"
            required=""
            type="text"
          />
          <input
            class="py-2 px-4 bg-[#1a1729] border border-white/50 hover:bg-violet-400/75 sm:w-[20%] cursor-pointer rounded-r-full"
            type="button"
            value="Search"
          />
        </form>
      </div>
      <div>
        <ul
          class="grid grid-cols-1 md:grid-cols-2 lg:grid-cols-3 xl:grid-cols-4"
        />
         
        <div
          class="text-center text-2xl flex items-center justify-center h-[40vh] "
        >
          <span>
            <span
              class="changer"
            >
              Oh Snap !
            </span>
             
            We have a problem...
          </span>
        </div>
      </div>
    </div>
  </div>,
  "debug": [Function],
  "findAllByAltText": [Function],
  "findAllByDisplayValue": [Function],
  "findAllByLabelText": [Function],
  "findAllByPlaceholderText": [Function],
  "findAllByRole": [Function],
  "findAllByTestId": [Function],
  "findAllByText": [Function],
  "findAllByTitle": [Function],
  "findByAltText": [Function],
  "findByDisplayValue": [Function],
  "findByLabelText": [Function],
  "findByPlaceholderText": [Function],
  "findByRole": [Function],
  "findByTestId": [Function],
  "findByText": [Function],
  "findByTitle": [Function],
  "getAllByAltText": [Function],
  "getAllByDisplayValue": [Function],
  "getAllByLabelText": [Function],
  "getAllByPlaceholderText": [Function],
  "getAllByRole": [Function],
  "getAllByTestId": [Function],
  "getAllByText": [Function],
  "getAllByTitle": [Function],
  "getByAltText": [Function],
  "getByDisplayValue": [Function],
  "getByLabelText": [Function],
  "getByPlaceholderText": [Function],
  "getByRole": [Function],
  "getByTestId": [Function],
  "getByText": [Function],
  "getByTitle": [Function],
  "queryAllByAltText": [Function],
  "queryAllByDisplayValue": [Function],
  "queryAllByLabelText": [Function],
  "queryAllByPlaceholderText": [Function],
  "queryAllByRole": [Function],
  "queryAllByTestId": [Function],
  "queryAllByText": [Function],
  "queryAllByTitle": [Function],
  "queryByAltText": [Function],
  "queryByDisplayValue": [Function],
  "queryByLabelText": [Function],
  "queryByPlaceholderText": [Function],
  "queryByRole": [Function],
  "queryByTestId": [Function],
  "queryByText": [Function],
  "queryByTitle": [Function],
  "rerender": [Function],
  "unmount": [Function],
}
`;
